SOURCE         PIN       OBSERVED   PENDING   HOLD   OWNERS                 ARTIFACT   ADMITTED   NODES
sources/leaf   cccc111   cccc222    12m       -      wavefront-controller   cccc111    120m       1
sources/mid    bbbb111   bbbb222    10m       -      wavefront-controller   bbbb111    120m       1
sources/root   aaaa111   aaaa111    -         -      wavefront-controller   aaaa111    120m       1
