NODE          ROLE     STATE     HELD    BLOCKED      ANCESTOR   SOURCE      PIN       OBSERVED   LAG
flotillas/a   Pinned   Pending   false   GraphCycle   -          sources/a   aaaa111   aaaa222    15m
flotillas/b   Pinned   Pending   false   GraphCycle   -          sources/b   bbbb111   bbbb222    15m
flotillas/c   Pinned   Settled   false   -            -          sources/c   cccc111   cccc111    -
