NAME:             fleet
MODE:             Enforce
SUSPEND:          false
GENERATION:       4
ORIGIN:           status (replayed from file)
CAPTURED:         2026-09-01T11:58:00Z (2m ago)
LAST EVALUATED:   2026-09-01T11:57:30Z (2m30s ago)
CLUSTER:          prod-eu (https://api.prod-eu.example.test)

FIELD        VALUE
PHASE        Blocked
GRAPHVALID   false (CyclesDetected)
OBSERVED     3
PINNED       3
GATES        0
PENDING      2
CONVERGING   0
BLOCKED      2
HELD         0

BLOCKED (2)
NODE          REASON       ANCESTOR   SINCE
flotillas/a   GraphCycle   -          15m
flotillas/b   GraphCycle   -          15m

DIAGNOSTICS (1)
  - dependsOn cycle detected: flotillas/a -> flotillas/b -> flotillas/a
