NODE                   ROLE     STATE     HELD    BLOCKED           ANCESTOR          SOURCE               PIN       OBSERVED   LAG
flotillas/child        Pinned   Pending   false   AncestorHeld      flotillas/held    sources/child        bbbb111   bbbb222    15m
flotillas/grandchild   Pinned   Pending   false   AncestorPending   flotillas/child   sources/grandchild   cccc111   cccc222    15m
flotillas/held         Pinned   Pending   true    SelfHeld          -                 sources/held         aaaa111   aaaa222    20m
