SOURCE          PIN       OBSERVED   PENDING   HOLD   OWNERS                 ARTIFACT   ADMITTED   NODES
sources/alpha   aaaa111   aaaa222    10m       -      wavefront-controller   aaaa111    120m       1
sources/beta    bbbb111   bbbb222    8m        -      wavefront-controller   bbbb111    120m       1
