SOURCE         PIN       OBSERVED   PENDING   HOLD   OWNERS                 ARTIFACT   ADMITTED   NODES
sources/db     cccc111   cccc111    -         -      wavefront-controller   cccc111    120m       1
sources/mono   aaaa111   aaaa222    ≥14m      -      wavefront-controller   aaaa111    120m       2
