SOURCE          PIN       OBSERVED   PENDING   HOLD   OWNERS                 ARTIFACT   ADMITTED   NODES   PREVIOUS-PIN   OBSERVED-REF      FETCH     URL
sources/app     bbbb111   ?          ?         -      wavefront-controller   bbbb111    120m       1       0000fff        refs/heads/main   ok        https://git.example.test/org/app.git
sources/edge    cccc111   ?          ?         -      wavefront-controller   cccc111    120m       1       0000fff        refs/heads/main   failing   https://git.example.test/org/edge.git
sources/infra   aaaa111   ?          ?         -      wavefront-controller   aaaa111    120m       1       0000fff        refs/heads/main   ok        https://git.example.test/org/infra.git
? = unknown: this snapshot carries no ref observations; re-run with --derive --poll.
