NAME:             fleet
MODE:             Enforce
SUSPEND:          false
GENERATION:       4
ORIGIN:           derive (replayed from file)
CAPTURED:         2026-09-01T11:58:00Z (2m ago)
LAST EVALUATED:   2026-09-01T11:58:00Z (2m ago)
CLUSTER:          prod-eu (https://api.prod-eu.example.test)

FIELD        REPORTED    DERIVED
PHASE        Quiescent   ≠ Blocked
GRAPHVALID   true        true
OBSERVED     3           3
PINNED       3           3
GATES        0           0
PENDING      0           0
CONVERGING   0           ≠ 2
BLOCKED      0           0
HELD         0           0

DIAGNOSTICS (2)
  - ref observations are unavailable: re-run with --poll to list advertised refs
  - dependsOn target waves/absent-gate does not exist: it gates every node that depends on it
